// Vitest Snapshot v1, https://vitest.dev/guide/snapshot.html

exports[`ErrorApiComponent > deve renderizar o componente corretamente 1`] = `
<div>
  <div
    class="rounded overflow-hidden shadow-lg"
    data-testid="error-api-component"
  >
    <div
      class="px-6 py-4"
    >
      <div
        class="font-bold text-xl mb-2"
      >
        Sorry!
      </div>
      <p
        class="text-gray-700 text-base"
      >
        A error happens D:
      </p>
    </div>
    <div
      class="px-6 pt-4 pb-2"
    >
      <span
        class="button inline-block bg-gray-200 rounded-full px-3 py-1 text-sm font-semibold text-gray-700 mr-2 mb-2 cursor-pointer"
      >
         
        try again
         
      </span>
    </div>
  </div>
</div>
`;
